[migration] starting import for 76 rows
[migration] starting import for 76 rows
[migration] loop index 0
[migration] starting import for 76 rows
[migration] loop index 0
[migration] user=avik.78kumar@gmail.com legacyEmails=18
[migration] loop index 1
[migration] user=agarwal.isha0407@gmail.com legacyEmails=4
[migration] loop index 2
[migration] user=aromaamruttulya@gmail.com legacyEmails=10
[migration] user=rajpandeyroserviceindia@gmail.com legacyEmails=5
[migration] user=superstorebeone@gmail.com legacyEmails=1
[migration] user=rathoredipanshu21@gmail.com legacyEmails=7
[migration] user=jamaicaninspiti@gmail.com legacyEmails=8
[migration] user=vikaskumarias010203@gmail.com legacyEmails=5
[migration] user=mtankgamer75@gmail.com legacyEmails=18
[migration] user=kayalbishal221@gmail.com legacyEmails=12
[migration] user=jmtroadgps@gmail.com legacyEmails=5
[migration] user=joydevchowdhury194@gmail.com legacyEmails=3
[migration] user=printpalace.bgp@outlook.com legacyEmails=4
[migration] user=easy99906@gmail.com legacyEmails=7
[migration] user=farruahmad7@gmail.com legacyEmails=1
[migration] user=bebedollkk@gmail.com legacyEmails=5
[migration] user=md.edigitalindia@gmail.com legacyEmails=7
[migration] user=adsdivework@gmail.com legacyEmails=6
[migration] user=goutamsharma2208@gmail.com legacyEmails=4
[migration] user=systaiotech@gmail.com legacyEmails=7
[migration] user=codeinlastbench@gmail.com legacyEmails=8
[migration] user=lokeshadsdive@gmail.com legacyEmails=1
[migration] user=me.vivekranjansingh@gmail.com legacyEmails=9
[migration] user=automovers.kolkata@gmail.com legacyEmails=1
[migration] user=ankitverma1952021@gmail.com legacyEmails=11
[migration] user=krishnapcbrepairmathura@gmail.com legacyEmails=0
[migration] user=baylendelouis@gmail.com legacyEmails=0
[migration] user=bikashvidyalaya@gmail.com legacyEmails=0
[migration] user=shivshambhucommercial@gmail.com legacyEmails=1
[migration] user=honeyprasad91@gmail.com legacyEmails=0
[migration] user=goyatbimla85@gmail.com legacyEmails=2
[migration] user=dekhoexam@gmail.com legacyEmails=1
[migration] user=shivambhatt2143@gmail.com legacyEmails=1
[migration] user=deydipankar94@gmail.com legacyEmails=0
[migration] user=cloudsensy.in@gmail.com legacyEmails=1
[migration] user=indiapackershirapur@gmail.com legacyEmails=0
[migration] user=deepak.kadyan95@gmail.com legacyEmails=21
[migration] user=chakitsharma444@gmail.com legacyEmails=4
[migration] user=chetanyaconsultancytohana@gmail.com legacyEmails=0
[migration] user=pawankrtech.in@gmail.com legacyEmails=10
[migration] user=er.mustafa1134@gmail.com legacyEmails=0
[migration] user=info.fitespero@gmail.com legacyEmails=0
[migration] user=sheenamgarg27@gmail.com legacyEmails=2
[migration] user=aviroopchakraborty5@gmail.com legacyEmails=4
[migration] user=askinteriortojay@gmail.com legacyEmails=0
[migration] user=socialmedia.induraes@gmail.com legacyEmails=0
[migration] user=nitishjangracomputer@gmail.com legacyEmails=16
[migration] user=letslearnblr@gmail.com legacyEmails=0
[migration] user=tarsemeet@gmail.com legacyEmails=4
[migration] user=peeyushsaket@gmail.com legacyEmails=6
[migration] user=director.kk01@gmail.com legacyEmails=5
[migration] user=ksrranchi@gmail.com legacyEmails=0
[migration] user=luciusglobal@gmail.com legacyEmails=0
[migration] user=demo@gmail.com legacyEmails=0
[migration] user=sahayataafoundation@gmail.com legacyEmails=4
[migration] user=karishma17freelancing@gmail.com legacyEmails=1
[migration] user=jrurijankari@gmail.com legacyEmails=6
[migration] user=adzgolden0@gmail.com legacyEmails=1
[migration] user=manojmahatoranchi1@gmail.com legacyEmails=4
[migration] user=glowmaxglobal26@gmail.com legacyEmails=4
[migration] user=aarushaggarwal2022@gmail.com legacyEmails=1
[migration] user=test@techzuno.com legacyEmails=1
[migration] user=gamingzone748221@gmail.com legacyEmails=4
[migration] user=iampkhara@gmail.com legacyEmails=6
[migration] user=sonuads2004@gmail.com legacyEmails=1
[migration] user=vermankit745@gmail.com legacyEmails=6
[migration] user=yarkyfarms@gmail.com legacyEmails=1
[migration] user=somnathselha@gmail.com legacyEmails=6
[migration] user=webzmeta@gmail.com legacyEmails=11
[migration] user=britishsoftlabs@gmail.com legacyEmails=6
[migration] user=ankitkuma0671@gmail.com legacyEmails=1
[migration] user=eswarchinthakayala@gmail.com legacyEmails=1
[migration] user=richspoiz09@gmail.com legacyEmails=1
[migration] user=krishna.webix@gmail.com legacyEmails=6
[migration] user=afsal4771@gmail.com legacyEmails=1
[migration] user=fenilxpatel2642@gmail.com legacyEmails=1
[migration] starting import for 76 rows
[migration] loop index 0
[migration] user=avik.78kumar@gmail.com legacyEmails=18
[migration] loop index 1
[migration] user=agarwal.isha0407@gmail.com legacyEmails=4
[migration] loop index 2
[migration] user=aromaamruttulya@gmail.com legacyEmails=10
[migration] user=rajpandeyroserviceindia@gmail.com legacyEmails=5
[migration] user=superstorebeone@gmail.com legacyEmails=1
[migration] user=rathoredipanshu21@gmail.com legacyEmails=7
[migration] user=jamaicaninspiti@gmail.com legacyEmails=8
[migration] user=vikaskumarias010203@gmail.com legacyEmails=5
[migration] user=mtankgamer75@gmail.com legacyEmails=18
[migration] user=kayalbishal221@gmail.com legacyEmails=12
[migration] user=jmtroadgps@gmail.com legacyEmails=5
[migration] user=joydevchowdhury194@gmail.com legacyEmails=3
[migration] user=printpalace.bgp@outlook.com legacyEmails=4
[migration] user=easy99906@gmail.com legacyEmails=7
[migration] user=farruahmad7@gmail.com legacyEmails=1
[migration] user=bebedollkk@gmail.com legacyEmails=5
[migration] user=md.edigitalindia@gmail.com legacyEmails=7
[migration] user=adsdivework@gmail.com legacyEmails=6
[migration] user=goutamsharma2208@gmail.com legacyEmails=4
[migration] user=systaiotech@gmail.com legacyEmails=7
[migration] user=codeinlastbench@gmail.com legacyEmails=8
[migration] user=lokeshadsdive@gmail.com legacyEmails=1
[migration] user=me.vivekranjansingh@gmail.com legacyEmails=9
[migration] user=automovers.kolkata@gmail.com legacyEmails=1
[migration] user=ankitverma1952021@gmail.com legacyEmails=11
[migration] user=krishnapcbrepairmathura@gmail.com legacyEmails=0
[migration] user=baylendelouis@gmail.com legacyEmails=0
[migration] user=bikashvidyalaya@gmail.com legacyEmails=0
[migration] user=shivshambhucommercial@gmail.com legacyEmails=1
[migration] user=honeyprasad91@gmail.com legacyEmails=0
[migration] user=goyatbimla85@gmail.com legacyEmails=2
[migration] user=dekhoexam@gmail.com legacyEmails=1
[migration] user=shivambhatt2143@gmail.com legacyEmails=1
[migration] user=deydipankar94@gmail.com legacyEmails=0
[migration] user=cloudsensy.in@gmail.com legacyEmails=1
[migration] user=indiapackershirapur@gmail.com legacyEmails=0
[migration] user=deepak.kadyan95@gmail.com legacyEmails=21
[migration] user=chakitsharma444@gmail.com legacyEmails=4
[migration] user=chetanyaconsultancytohana@gmail.com legacyEmails=0
[migration] user=pawankrtech.in@gmail.com legacyEmails=10
[migration] user=er.mustafa1134@gmail.com legacyEmails=0
[migration] user=info.fitespero@gmail.com legacyEmails=0
[migration] user=sheenamgarg27@gmail.com legacyEmails=2
[migration] user=aviroopchakraborty5@gmail.com legacyEmails=4
[migration] user=askinteriortojay@gmail.com legacyEmails=0
[migration] user=socialmedia.induraes@gmail.com legacyEmails=0
[migration] user=nitishjangracomputer@gmail.com legacyEmails=16
[migration] user=letslearnblr@gmail.com legacyEmails=0
[migration] user=tarsemeet@gmail.com legacyEmails=4
[migration] user=peeyushsaket@gmail.com legacyEmails=6
[migration] user=director.kk01@gmail.com legacyEmails=5
[migration] user=ksrranchi@gmail.com legacyEmails=0
[migration] user=luciusglobal@gmail.com legacyEmails=0
[migration] user=demo@gmail.com legacyEmails=0
[migration] user=sahayataafoundation@gmail.com legacyEmails=4
[migration] user=karishma17freelancing@gmail.com legacyEmails=1
[migration] user=jrurijankari@gmail.com legacyEmails=6
[migration] user=adzgolden0@gmail.com legacyEmails=1
[migration] user=manojmahatoranchi1@gmail.com legacyEmails=4
[migration] user=glowmaxglobal26@gmail.com legacyEmails=4
[migration] user=aarushaggarwal2022@gmail.com legacyEmails=1
[migration] user=test@techzuno.com legacyEmails=1
[migration] user=gamingzone748221@gmail.com legacyEmails=4
[migration] user=iampkhara@gmail.com legacyEmails=6
[migration] user=sonuads2004@gmail.com legacyEmails=1
[migration] user=vermankit745@gmail.com legacyEmails=6
[migration] user=yarkyfarms@gmail.com legacyEmails=1
[migration] user=somnathselha@gmail.com legacyEmails=6
[migration] user=webzmeta@gmail.com legacyEmails=11
[migration] user=britishsoftlabs@gmail.com legacyEmails=6
[migration] user=ankitkuma0671@gmail.com legacyEmails=1
[migration] user=eswarchinthakayala@gmail.com legacyEmails=1
[migration] user=richspoiz09@gmail.com legacyEmails=1
[migration] user=krishna.webix@gmail.com legacyEmails=6
[migration] user=afsal4771@gmail.com legacyEmails=1
[migration] user=fenilxpatel2642@gmail.com legacyEmails=1
[migration] starting import for 76 rows
[migration] loop index 0
[migration] user=avik.78kumar@gmail.com legacyEmails=18
[migration] loop index 1
[migration] user=agarwal.isha0407@gmail.com legacyEmails=4
[migration] loop index 2
[migration] user=aromaamruttulya@gmail.com legacyEmails=10
[migration] user=rajpandeyroserviceindia@gmail.com legacyEmails=5
[migration] user=superstorebeone@gmail.com legacyEmails=1
[migration] user=rathoredipanshu21@gmail.com legacyEmails=7
[migration] user=jamaicaninspiti@gmail.com legacyEmails=8
[migration] user=vikaskumarias010203@gmail.com legacyEmails=5
[migration] user=mtankgamer75@gmail.com legacyEmails=18
[migration] user=kayalbishal221@gmail.com legacyEmails=12
[migration] user=jmtroadgps@gmail.com legacyEmails=5
[migration] user=joydevchowdhury194@gmail.com legacyEmails=3
[migration] user=printpalace.bgp@outlook.com legacyEmails=4
[migration] user=easy99906@gmail.com legacyEmails=7
[migration] user=farruahmad7@gmail.com legacyEmails=1
[migration] user=bebedollkk@gmail.com legacyEmails=5
[migration] user=md.edigitalindia@gmail.com legacyEmails=7
[migration] user=adsdivework@gmail.com legacyEmails=6
[migration] user=goutamsharma2208@gmail.com legacyEmails=4
[migration] user=systaiotech@gmail.com legacyEmails=7
[migration] user=codeinlastbench@gmail.com legacyEmails=8
[migration] user=lokeshadsdive@gmail.com legacyEmails=1
[migration] user=me.vivekranjansingh@gmail.com legacyEmails=9
[migration] user=automovers.kolkata@gmail.com legacyEmails=1
[migration] user=ankitverma1952021@gmail.com legacyEmails=11
[migration] user=krishnapcbrepairmathura@gmail.com legacyEmails=0
[migration] user=baylendelouis@gmail.com legacyEmails=0
[migration] user=bikashvidyalaya@gmail.com legacyEmails=0
[migration] user=shivshambhucommercial@gmail.com legacyEmails=1
[migration] user=honeyprasad91@gmail.com legacyEmails=0
[migration] user=goyatbimla85@gmail.com legacyEmails=2
[migration] user=dekhoexam@gmail.com legacyEmails=1
[migration] user=shivambhatt2143@gmail.com legacyEmails=1
[migration] user=deydipankar94@gmail.com legacyEmails=0
[migration] user=cloudsensy.in@gmail.com legacyEmails=1
[migration] user=indiapackershirapur@gmail.com legacyEmails=0
[migration] user=deepak.kadyan95@gmail.com legacyEmails=21
[migration] user=chakitsharma444@gmail.com legacyEmails=4
[migration] user=chetanyaconsultancytohana@gmail.com legacyEmails=0
[migration] user=pawankrtech.in@gmail.com legacyEmails=10
[migration] user=er.mustafa1134@gmail.com legacyEmails=0
[migration] user=info.fitespero@gmail.com legacyEmails=0
[migration] user=sheenamgarg27@gmail.com legacyEmails=2
[migration] user=aviroopchakraborty5@gmail.com legacyEmails=4
[migration] user=askinteriortojay@gmail.com legacyEmails=0
[migration] user=socialmedia.induraes@gmail.com legacyEmails=0
[migration] user=nitishjangracomputer@gmail.com legacyEmails=16
[migration] user=letslearnblr@gmail.com legacyEmails=0
[migration] user=tarsemeet@gmail.com legacyEmails=4
[migration] user=peeyushsaket@gmail.com legacyEmails=6
[migration] user=director.kk01@gmail.com legacyEmails=5
[migration] user=ksrranchi@gmail.com legacyEmails=0
[migration] user=luciusglobal@gmail.com legacyEmails=0
[migration] user=demo@gmail.com legacyEmails=0
[migration] user=sahayataafoundation@gmail.com legacyEmails=4
[migration] user=karishma17freelancing@gmail.com legacyEmails=1
[migration] user=jrurijankari@gmail.com legacyEmails=6
[migration] user=adzgolden0@gmail.com legacyEmails=1
[migration] user=manojmahatoranchi1@gmail.com legacyEmails=4
[migration] user=glowmaxglobal26@gmail.com legacyEmails=4
[migration] user=aarushaggarwal2022@gmail.com legacyEmails=1
[migration] user=test@techzuno.com legacyEmails=1
[migration] user=gamingzone748221@gmail.com legacyEmails=4
[migration] user=iampkhara@gmail.com legacyEmails=6
[migration] user=sonuads2004@gmail.com legacyEmails=1
[migration] user=vermankit745@gmail.com legacyEmails=6
[migration] user=yarkyfarms@gmail.com legacyEmails=1
[migration] user=somnathselha@gmail.com legacyEmails=6
[migration] user=webzmeta@gmail.com legacyEmails=11
[migration] user=britishsoftlabs@gmail.com legacyEmails=6
[migration] user=ankitkuma0671@gmail.com legacyEmails=1
[migration] user=eswarchinthakayala@gmail.com legacyEmails=1
[migration] user=richspoiz09@gmail.com legacyEmails=1
[migration] user=krishna.webix@gmail.com legacyEmails=6
[migration] user=afsal4771@gmail.com legacyEmails=1
[migration] user=fenilxpatel2642@gmail.com legacyEmails=1
[migration] starting import for 76 rows
[migration] loop index 0
[migration] user=avik.78kumar@gmail.com legacyEmails=18
[migration] skip existing legacy_key=tblemails:1
[migration] skip existing legacy_key=tblemails:2
[migration] skip existing legacy_key=tblemails:3
[migration] skip existing legacy_key=tblemails:4
[migration] skip existing legacy_key=tblemails:15
[migration] skip existing legacy_key=tblemails:16
[migration] skip existing legacy_key=tblemails:17
[migration] skip existing legacy_key=tblemails:18
[migration] skip existing legacy_key=tblemails:19
[migration] skip existing legacy_key=tblemails:27
[migration] skip existing legacy_key=tblemails:28
[migration] skip existing legacy_key=tblemails:29
[migration] skip existing legacy_key=tblemails:31
[migration] skip existing legacy_key=tblemails:40
[migration] skip existing legacy_key=tblemails:41
[migration] skip existing legacy_key=tblemails:51
[migration] skip existing legacy_key=tblemails:69
[migration] skip existing legacy_key=tblemails:84
[migration] loop index 1
[migration] user=agarwal.isha0407@gmail.com legacyEmails=4
[migration] skip existing legacy_key=tblemails:5
[migration] skip existing legacy_key=tblemails:6
[migration] skip existing legacy_key=tblemails:7
[migration] skip existing legacy_key=tblemails:8
[migration] loop index 2
[migration] user=aromaamruttulya@gmail.com legacyEmails=10
[migration] skip existing legacy_key=tblemails:9
[migration] skip existing legacy_key=tblemails:10
[migration] skip existing legacy_key=tblemails:11
[migration] skip existing legacy_key=tblemails:12
[migration] skip existing legacy_key=tblemails:13
[migration] skip existing legacy_key=tblemails:14
[migration] skip existing legacy_key=tblemails:30
[migration] skip existing legacy_key=tblemails:126
[migration] skip existing legacy_key=tblemails:193
[migration] skip existing legacy_key=tblemails:242
[migration] user=rajpandeyroserviceindia@gmail.com legacyEmails=5
[migration] skip existing legacy_key=tblemails:20
[migration] skip existing legacy_key=tblemails:21
[migration] skip existing legacy_key=tblemails:22
[migration] skip existing legacy_key=tblemails:23
[migration] skip existing legacy_key=tblemails:24
[migration] user=superstorebeone@gmail.com legacyEmails=1
[migration] skip existing legacy_key=tblemails:25
[migration] user=rathoredipanshu21@gmail.com legacyEmails=7
[migration] skip existing legacy_key=tblemails:26
[migration] skip existing legacy_key=tblemails:178
[migration] skip existing legacy_key=tblemails:179
[migration] skip existing legacy_key=tblemails:180
[migration] skip existing legacy_key=tblemails:222
[migration] skip existing legacy_key=tblemails:223
[migration] skip existing legacy_key=tblemails:224
[migration] user=jamaicaninspiti@gmail.com legacyEmails=8
[migration] skip existing legacy_key=tblemails:32
[migration] skip existing legacy_key=tblemails:33
[migration] skip existing legacy_key=tblemails:34
[migration] skip existing legacy_key=tblemails:35
[migration] skip existing legacy_key=tblemails:36
[migration] skip existing legacy_key=tblemails:37
[migration] skip existing legacy_key=tblemails:38
[migration] skip existing legacy_key=tblemails:39
[migration] user=vikaskumarias010203@gmail.com legacyEmails=5
[migration] skip existing legacy_key=tblemails:42
[migration] skip existing legacy_key=tblemails:43
[migration] skip existing legacy_key=tblemails:44
[migration] skip existing legacy_key=tblemails:45
[migration] skip existing legacy_key=tblemails:46
[migration] user=mtankgamer75@gmail.com legacyEmails=18
[migration] skip existing legacy_key=tblemails:47
[migration] skip existing legacy_key=tblemails:48
[migration] skip existing legacy_key=tblemails:49
[migration] skip existing legacy_key=tblemails:50
[migration] skip existing legacy_key=tblemails:99
[migration] skip existing legacy_key=tblemails:129
[migration] skip existing legacy_key=tblemails:141
[migration] skip existing legacy_key=tblemails:184
[migration] skip existing legacy_key=tblemails:195
[migration] skip existing legacy_key=tblemails:206
[migration] skip existing legacy_key=tblemails:209
[migration] skip existing legacy_key=tblemails:210
[migration] skip existing legacy_key=tblemails:211
[migration] skip existing legacy_key=tblemails:212
[migration] skip existing legacy_key=tblemails:231
[migration] skip existing legacy_key=tblemails:247
[migration] skip existing legacy_key=tblemails:252
[migration] skip existing legacy_key=tblemails:253
[migration] user=kayalbishal221@gmail.com legacyEmails=12
[migration] skip existing legacy_key=tblemails:52
[migration] skip existing legacy_key=tblemails:53
[migration] skip existing legacy_key=tblemails:54
[migration] skip existing legacy_key=tblemails:55
[migration] skip existing legacy_key=tblemails:56
[migration] skip existing legacy_key=tblemails:262
[migration] skip existing legacy_key=tblemails:263
[migration] skip existing legacy_key=tblemails:265
[migration] skip existing legacy_key=tblemails:266
[migration] skip existing legacy_key=tblemails:267
[migration] skip existing legacy_key=tblemails:322
[migration] skip existing legacy_key=tblemails:323
[migration] user=jmtroadgps@gmail.com legacyEmails=5
[migration] skip existing legacy_key=tblemails:57
[migration] skip existing legacy_key=tblemails:58
[migration] skip existing legacy_key=tblemails:59
[migration] skip existing legacy_key=tblemails:60
[migration] skip existing legacy_key=tblemails:61
[migration] user=joydevchowdhury194@gmail.com legacyEmails=3
[migration] skip existing legacy_key=tblemails:62
[migration] skip existing legacy_key=tblemails:63
[migration] skip existing legacy_key=tblemails:64
[migration] user=printpalace.bgp@outlook.com legacyEmails=4
[migration] skip existing legacy_key=tblemails:65
[migration] skip existing legacy_key=tblemails:66
[migration] skip existing legacy_key=tblemails:67
[migration] skip existing legacy_key=tblemails:68
[migration] user=easy99906@gmail.com legacyEmails=7
[migration] skip existing legacy_key=tblemails:70
[migration] skip existing legacy_key=tblemails:71
[migration] skip existing legacy_key=tblemails:72
[migration] skip existing legacy_key=tblemails:73
[migration] skip existing legacy_key=tblemails:80
[migration] skip existing legacy_key=tblemails:82
[migration] skip existing legacy_key=tblemails:83
[migration] user=farruahmad7@gmail.com legacyEmails=1
[migration] skip existing legacy_key=tblemails:74
[migration] user=bebedollkk@gmail.com legacyEmails=5
[migration] skip existing legacy_key=tblemails:75
[migration] skip existing legacy_key=tblemails:76
[migration] skip existing legacy_key=tblemails:77
[migration] skip existing legacy_key=tblemails:78
[migration] skip existing legacy_key=tblemails:85
[migration] user=md.edigitalindia@gmail.com legacyEmails=7
[migration] skip existing legacy_key=tblemails:79
[migration] skip existing legacy_key=tblemails:81
[migration] skip existing legacy_key=tblemails:185
[migration] skip existing legacy_key=tblemails:197
[migration] skip existing legacy_key=tblemails:207
[migration] skip existing legacy_key=tblemails:214
[migration] skip existing legacy_key=tblemails:215
[migration] user=adsdivework@gmail.com legacyEmails=6
[migration] skip existing legacy_key=tblemails:86
[migration] skip existing legacy_key=tblemails:87
[migration] skip existing legacy_key=tblemails:88
[migration] skip existing legacy_key=tblemails:89
[migration] skip existing legacy_key=tblemails:90
[migration] skip existing legacy_key=tblemails:321
[migration] user=goutamsharma2208@gmail.com legacyEmails=4
[migration] skip existing legacy_key=tblemails:91
[migration] skip existing legacy_key=tblemails:92
[migration] skip existing legacy_key=tblemails:93
[migration] skip existing legacy_key=tblemails:94
[migration] user=systaiotech@gmail.com legacyEmails=7
[migration] skip existing legacy_key=tblemails:95
[migration] skip existing legacy_key=tblemails:114
[migration] skip existing legacy_key=tblemails:115
[migration] skip existing legacy_key=tblemails:116
[migration] skip existing legacy_key=tblemails:166
[migration] skip existing legacy_key=tblemails:167
[migration] skip existing legacy_key=tblemails:168
[migration] user=codeinlastbench@gmail.com legacyEmails=8
[migration] skip existing legacy_key=tblemails:96
[migration] skip existing legacy_key=tblemails:98
[migration] skip existing legacy_key=tblemails:121
[migration] skip existing legacy_key=tblemails:123
[migration] skip existing legacy_key=tblemails:125
[migration] skip existing legacy_key=tblemails:128
[migration] skip existing legacy_key=tblemails:130
[migration] skip existing legacy_key=tblemails:131
[migration] user=lokeshadsdive@gmail.com legacyEmails=1
[migration] skip existing legacy_key=tblemails:97
[migration] user=me.vivekranjansingh@gmail.com legacyEmails=9
[migration] skip existing legacy_key=tblemails:100
[migration] skip existing legacy_key=tblemails:101
[migration] skip existing legacy_key=tblemails:102
[migration] skip existing legacy_key=tblemails:103
[migration] skip existing legacy_key=tblemails:104
[migration] skip existing legacy_key=tblemails:105
[migration] skip existing legacy_key=tblemails:106
[migration] skip existing legacy_key=tblemails:107
[migration] skip existing legacy_key=tblemails:108
[migration] user=automovers.kolkata@gmail.com legacyEmails=1
[migration] skip existing legacy_key=tblemails:109
[migration] user=ankitverma1952021@gmail.com legacyEmails=11
[migration] skip existing legacy_key=tblemails:110
[migration] skip existing legacy_key=tblemails:111
[migration] skip existing legacy_key=tblemails:112
[migration] skip existing legacy_key=tblemails:119
[migration] skip existing legacy_key=tblemails:124
[migration] skip existing legacy_key=tblemails:171
[migration] skip existing legacy_key=tblemails:196
[migration] skip existing legacy_key=tblemails:203
[migration] skip existing legacy_key=tblemails:204
[migration] skip existing legacy_key=tblemails:216
[migration] skip existing legacy_key=tblemails:217
[migration] user=krishnapcbrepairmathura@gmail.com legacyEmails=0
[migration] user=baylendelouis@gmail.com legacyEmails=0
[migration] user=bikashvidyalaya@gmail.com legacyEmails=0
[migration] user=shivshambhucommercial@gmail.com legacyEmails=1
[migration] skip existing legacy_key=tblemails:113
[migration] user=honeyprasad91@gmail.com legacyEmails=0
[migration] user=goyatbimla85@gmail.com legacyEmails=2
[migration] skip existing legacy_key=tblemails:117
[migration] skip existing legacy_key=tblemails:118
[migration] user=dekhoexam@gmail.com legacyEmails=1
[migration] skip existing legacy_key=tblemails:120
[migration] user=shivambhatt2143@gmail.com legacyEmails=1
[migration] skip existing legacy_key=tblemails:122
[migration] user=deydipankar94@gmail.com legacyEmails=0
[migration] user=cloudsensy.in@gmail.com legacyEmails=1
[migration] skip existing legacy_key=tblemails:127
[migration] user=indiapackershirapur@gmail.com legacyEmails=0
[migration] user=deepak.kadyan95@gmail.com legacyEmails=21
[migration] skip existing legacy_key=tblemails:132
[migration] skip existing legacy_key=tblemails:136
[migration] skip existing legacy_key=tblemails:137
[migration] skip existing legacy_key=tblemails:138
[migration] skip existing legacy_key=tblemails:139
[migration] skip existing legacy_key=tblemails:140
[migration] skip existing legacy_key=tblemails:144
[migration] skip existing legacy_key=tblemails:174
[migration] skip existing legacy_key=tblemails:175
[migration] skip existing legacy_key=tblemails:176
[migration] skip existing legacy_key=tblemails:177
[migration] skip existing legacy_key=tblemails:190
[migration] skip existing legacy_key=tblemails:201
[migration] skip existing legacy_key=tblemails:208
[migration] skip existing legacy_key=tblemails:218
[migration] skip existing legacy_key=tblemails:219
[migration] skip existing legacy_key=tblemails:220
[migration] skip existing legacy_key=tblemails:221
[migration] skip existing legacy_key=tblemails:236
[migration] skip existing legacy_key=tblemails:248
[migration] skip existing legacy_key=tblemails:255
[migration] user=chakitsharma444@gmail.com legacyEmails=4
[migration] skip existing legacy_key=tblemails:133
[migration] skip existing legacy_key=tblemails:134
[migration] skip existing legacy_key=tblemails:135
[migration] skip existing legacy_key=tblemails:147
[migration] user=chetanyaconsultancytohana@gmail.com legacyEmails=0
[migration] user=pawankrtech.in@gmail.com legacyEmails=10
[migration] skip existing legacy_key=tblemails:142
[migration] skip existing legacy_key=tblemails:145
[migration] skip existing legacy_key=tblemails:146
[migration] skip existing legacy_key=tblemails:150
[migration] skip existing legacy_key=tblemails:151
[migration] skip existing legacy_key=tblemails:183
[migration] skip existing legacy_key=tblemails:191
[migration] skip existing legacy_key=tblemails:198
[migration] skip existing legacy_key=tblemails:199
[migration] skip existing legacy_key=tblemails:200
[migration] user=er.mustafa1134@gmail.com legacyEmails=0
[migration] user=info.fitespero@gmail.com legacyEmails=0
[migration] user=sheenamgarg27@gmail.com legacyEmails=2
[migration] skip existing legacy_key=tblemails:148
[migration] skip existing legacy_key=tblemails:181
[migration] user=aviroopchakraborty5@gmail.com legacyEmails=4
[migration] skip existing legacy_key=tblemails:240
[migration] skip existing legacy_key=tblemails:249
[migration] skip existing legacy_key=tblemails:261
[migration] skip existing legacy_key=tblemails:306
[migration] user=askinteriortojay@gmail.com legacyEmails=0
[migration] user=socialmedia.induraes@gmail.com legacyEmails=0
[migration] user=nitishjangracomputer@gmail.com legacyEmails=16
[migration] skip existing legacy_key=tblemails:143
[migration] skip existing legacy_key=tblemails:149
[migration] skip existing legacy_key=tblemails:160
[migration] skip existing legacy_key=tblemails:163
[migration] skip existing legacy_key=tblemails:169
[migration] skip existing legacy_key=tblemails:170
[migration] skip existing legacy_key=tblemails:182
[migration] skip existing legacy_key=tblemails:192
[migration] skip existing legacy_key=tblemails:202
[migration] skip existing legacy_key=tblemails:230
[migration] skip existing legacy_key=tblemails:241
[migration] skip existing legacy_key=tblemails:251
[migration] skip existing legacy_key=tblemails:256
[migration] skip existing legacy_key=tblemails:257
[migration] skip existing legacy_key=tblemails:258
[migration] skip existing legacy_key=tblemails:259
[migration] user=letslearnblr@gmail.com legacyEmails=0
[migration] user=tarsemeet@gmail.com legacyEmails=4
[migration] skip existing legacy_key=tblemails:153
[migration] skip existing legacy_key=tblemails:155
[migration] skip existing legacy_key=tblemails:161
[migration] skip existing legacy_key=tblemails:164
[migration] user=peeyushsaket@gmail.com legacyEmails=6
[migration] skip existing legacy_key=tblemails:154
[migration] skip existing legacy_key=tblemails:156
[migration] skip existing legacy_key=tblemails:162
[migration] skip existing legacy_key=tblemails:165
[migration] skip existing legacy_key=tblemails:172
[migration] skip existing legacy_key=tblemails:173
[migration] user=director.kk01@gmail.com legacyEmails=5
[migration] skip existing legacy_key=tblemails:205
[migration] skip existing legacy_key=tblemails:213
[migration] skip existing legacy_key=tblemails:229
[migration] skip existing legacy_key=tblemails:232
[migration] skip existing legacy_key=tblemails:233
[migration] user=ksrranchi@gmail.com legacyEmails=0
[migration] user=luciusglobal@gmail.com legacyEmails=0
[migration] user=demo@gmail.com legacyEmails=0
[migration] user=sahayataafoundation@gmail.com legacyEmails=4
[migration] skip existing legacy_key=tblemails:186
[migration] skip existing legacy_key=tblemails:187
[migration] skip existing legacy_key=tblemails:188
[migration] skip existing legacy_key=tblemails:189
[migration] user=karishma17freelancing@gmail.com legacyEmails=1
[migration] skip existing legacy_key=tblemails:194
[migration] user=jrurijankari@gmail.com legacyEmails=6
[migration] skip existing legacy_key=tblemails:225
[migration] skip existing legacy_key=tblemails:226
[migration] skip existing legacy_key=tblemails:227
[migration] skip existing legacy_key=tblemails:228
[migration] skip existing legacy_key=tblemails:250
[migration] skip existing legacy_key=tblemails:264
[migration] user=adzgolden0@gmail.com legacyEmails=1
[migration] skip existing legacy_key=tblemails:234
[migration] user=manojmahatoranchi1@gmail.com legacyEmails=4
[migration] skip existing legacy_key=tblemails:235
[migration] skip existing legacy_key=tblemails:237
[migration] skip existing legacy_key=tblemails:238
[migration] skip existing legacy_key=tblemails:239
[migration] user=glowmaxglobal26@gmail.com legacyEmails=4
[migration] skip existing legacy_key=tblemails:243
[migration] skip existing legacy_key=tblemails:244
[migration] skip existing legacy_key=tblemails:245
[migration] skip existing legacy_key=tblemails:246
[migration] user=aarushaggarwal2022@gmail.com legacyEmails=1
[migration] skip existing legacy_key=tblemails:254
[migration] user=test@techzuno.com legacyEmails=1
[migration] skip existing legacy_key=tblemails:260
[migration] user=gamingzone748221@gmail.com legacyEmails=4
[migration] skip existing legacy_key=tblemails:268
[migration] skip existing legacy_key=tblemails:269
[migration] skip existing legacy_key=tblemails:270
[migration] skip existing legacy_key=tblemails:294
[migration] user=iampkhara@gmail.com legacyEmails=6
[migration] skip existing legacy_key=tblemails:271
[migration] skip existing legacy_key=tblemails:272
[migration] skip existing legacy_key=tblemails:273
[migration] skip existing legacy_key=tblemails:274
[migration] skip existing legacy_key=tblemails:280
[migration] skip existing legacy_key=tblemails:281
[migration] user=sonuads2004@gmail.com legacyEmails=1
[migration] skip existing legacy_key=tblemails:275
[migration] user=vermankit745@gmail.com legacyEmails=6
[migration] skip existing legacy_key=tblemails:276
[migration] skip existing legacy_key=tblemails:277
[migration] skip existing legacy_key=tblemails:278
[migration] skip existing legacy_key=tblemails:279
[migration] skip existing legacy_key=tblemails:282
[migration] skip existing legacy_key=tblemails:283
[migration] user=yarkyfarms@gmail.com legacyEmails=1
[migration] skip existing legacy_key=tblemails:284
[migration] user=somnathselha@gmail.com legacyEmails=6
[migration] skip existing legacy_key=tblemails:285
[migration] skip existing legacy_key=tblemails:286
[migration] skip existing legacy_key=tblemails:287
[migration] skip existing legacy_key=tblemails:288
[migration] skip existing legacy_key=tblemails:289
[migration] skip existing legacy_key=tblemails:290
[migration] user=webzmeta@gmail.com legacyEmails=11
[migration] skip existing legacy_key=tblemails:291
[migration] skip existing legacy_key=tblemails:292
[migration] skip existing legacy_key=tblemails:293
[migration] skip existing legacy_key=tblemails:295
[migration] skip existing legacy_key=tblemails:296
[migration] skip existing legacy_key=tblemails:297
[migration] skip existing legacy_key=tblemails:298
[migration] skip existing legacy_key=tblemails:309
[migration] skip existing legacy_key=tblemails:310
[migration] skip existing legacy_key=tblemails:311
[migration] skip existing legacy_key=tblemails:312
[migration] user=britishsoftlabs@gmail.com legacyEmails=6
[migration] skip existing legacy_key=tblemails:299
[migration] skip existing legacy_key=tblemails:300
[migration] skip existing legacy_key=tblemails:301
[migration] skip existing legacy_key=tblemails:302
[migration] skip existing legacy_key=tblemails:303
[migration] skip existing legacy_key=tblemails:304
[migration] user=ankitkuma0671@gmail.com legacyEmails=1
[migration] skip existing legacy_key=tblemails:305
[migration] user=eswarchinthakayala@gmail.com legacyEmails=1
[migration] skip existing legacy_key=tblemails:307
[migration] user=richspoiz09@gmail.com legacyEmails=1
[migration] skip existing legacy_key=tblemails:308
[migration] user=krishna.webix@gmail.com legacyEmails=6
[migration] skip existing legacy_key=tblemails:313
[migration] skip existing legacy_key=tblemails:314
[migration] skip existing legacy_key=tblemails:315
[migration] skip existing legacy_key=tblemails:316
[migration] skip existing legacy_key=tblemails:317
[migration] skip existing legacy_key=tblemails:318
[migration] user=afsal4771@gmail.com legacyEmails=1
[migration] skip existing legacy_key=tblemails:319
[migration] user=fenilxpatel2642@gmail.com legacyEmails=1
[migration] skip existing legacy_key=tblemails:320
